.next/types/validator.ts(188,39): error TS2307: Cannot find module '../../src/app/api/deployments/route.js' or its corresponding type declarations.
.next/types/validator.ts(323,39): error TS2307: Cannot find module '../../src/app/api/servers/[id]/branches/[branchId]/merge/route.js' or its corresponding type declarations.
.next/types/validator.ts(332,39): error TS2307: Cannot find module '../../src/app/api/servers/[id]/branches/[branchId]/revert/route.js' or its corresponding type declarations.
.next/types/validator.ts(341,39): error TS2307: Cannot find module '../../src/app/api/servers/[id]/branches/[branchId]/route.js' or its corresponding type declarations.
.next/types/validator.ts(368,39): error TS2307: Cannot find module '../../src/app/api/servers/[id]/deployments/[deploymentId]/rollback/route.js' or its corresponding type declarations.
.next/types/validator.ts(377,39): error TS2307: Cannot find module '../../src/app/api/servers/[id]/deployments/[deploymentId]/route.js' or its corresponding type declarations.
.next/types/validator.ts(440,39): error TS2307: Cannot find module '../../src/app/api/servers/[id]/tools/[toolId]/versions/route.js' or its corresponding type declarations.
add-contactname-tool.ts(16,7): error TS2353: Object literal may only specify known properties, and 'branchId' does not exist in type 'Without<ToolCreateInput, ToolUncheckedCreateInput> & ToolUncheckedCreateInput'.
create-all-tools.ts(40,7): error TS2353: Object literal may only specify known properties, and 'branchId' does not exist in type 'Without<ToolCreateInput, ToolUncheckedCreateInput> & ToolUncheckedCreateInput'.
create-all-tools.ts(69,7): error TS2353: Object literal may only specify known properties, and 'branchId' does not exist in type 'Without<ToolCreateInput, ToolUncheckedCreateInput> & ToolUncheckedCreateInput'.
create-all-tools.ts(126,7): error TS2353: Object literal may only specify known properties, and 'branchId' does not exist in type 'Without<ToolCreateInput, ToolUncheckedCreateInput> & ToolUncheckedCreateInput'.
create-custom-tools-fixed.ts(12,7): error TS2353: Object literal may only specify known properties, and 'branchId' does not exist in type 'Without<ToolCreateInput, ToolUncheckedCreateInput> & ToolUncheckedCreateInput'.
create-custom-tools-fixed.ts(41,7): error TS2353: Object literal may only specify known properties, and 'branchId' does not exist in type 'Without<ToolCreateInput, ToolUncheckedCreateInput> & ToolUncheckedCreateInput'.
create-custom-tools.ts(12,7): error TS2353: Object literal may only specify known properties, and 'branchId' does not exist in type 'Without<ToolCreateInput, ToolUncheckedCreateInput> & ToolUncheckedCreateInput'.
create-custom-tools.ts(41,7): error TS2353: Object literal may only specify known properties, and 'branchId' does not exist in type 'Without<ToolCreateInput, ToolUncheckedCreateInput> & ToolUncheckedCreateInput'.
create-tool-3.ts(11,7): error TS2353: Object literal may only specify known properties, and 'branchId' does not exist in type 'Without<ToolCreateInput, ToolUncheckedCreateInput> & ToolUncheckedCreateInput'.
examples/websocket/frontend.tsx(4,20): error TS2307: Cannot find module 'socket.io-client' or its corresponding type declarations.
examples/websocket/server.ts(2,24): error TS2307: Cannot find module 'socket.io' or its corresponding type declarations.
skills/ASR/scripts/asr.ts(1,17): error TS2307: Cannot find module 'z-ai-web-dev-sdk' or its corresponding type declarations.
skills/image-edit/scripts/image-edit.ts(1,17): error TS2307: Cannot find module 'z-ai-web-dev-sdk' or its corresponding type declarations.
skills/image-generation/scripts/image-generation.ts(1,17): error TS2307: Cannot find module 'z-ai-web-dev-sdk' or its corresponding type declarations.
skills/image-understand/scripts/image-understand.ts(1,36): error TS2307: Cannot find module 'z-ai-web-dev-sdk' or its corresponding type declarations.
skills/LLM/scripts/chat.ts(1,34): error TS2307: Cannot find module 'z-ai-web-dev-sdk' or its corresponding type declarations.
skills/podcast-generate/generate.ts(13,17): error TS2307: Cannot find module 'z-ai-web-dev-sdk' or its corresponding type declarations.
skills/stock-analysis-skill/src/analyzer.ts(6,17): error TS2307: Cannot find module 'z-ai-web-dev-sdk' or its corresponding type declarations.
skills/stock-analysis-skill/src/dataFetcher.ts(5,17): error TS2307: Cannot find module 'z-ai-web-dev-sdk' or its corresponding type declarations.
skills/stock-analysis-skill/src/dividend.ts(7,17): error TS2307: Cannot find module 'z-ai-web-dev-sdk' or its corresponding type declarations.
skills/stock-analysis-skill/src/index.ts(15,17): error TS2307: Cannot find module 'z-ai-web-dev-sdk' or its corresponding type declarations.
skills/stock-analysis-skill/src/rumorScanner.ts(9,17): error TS2307: Cannot find module 'z-ai-web-dev-sdk' or its corresponding type declarations.
skills/stock-analysis-skill/src/watchlist.ts(7,17): error TS2307: Cannot find module 'z-ai-web-dev-sdk' or its corresponding type declarations.
skills/TTS/tts.ts(1,17): error TS2307: Cannot find module 'z-ai-web-dev-sdk' or its corresponding type declarations.
skills/video-generation/scripts/video.ts(1,17): error TS2307: Cannot find module 'z-ai-web-dev-sdk' or its corresponding type declarations.
skills/video-understand/scripts/video-understand.ts(1,36): error TS2307: Cannot find module 'z-ai-web-dev-sdk' or its corresponding type declarations.
skills/VLM/scripts/vlm.ts(1,36): error TS2307: Cannot find module 'z-ai-web-dev-sdk' or its corresponding type declarations.
skills/web-reader/scripts/web-reader.ts(1,17): error TS2307: Cannot find module 'z-ai-web-dev-sdk' or its corresponding type declarations.
skills/web-search/scripts/web_search.ts(1,17): error TS2307: Cannot find module 'z-ai-web-dev-sdk' or its corresponding type declarations.
src/app/api/branches/[id]/diff/route.ts(3,31): error TS2307: Cannot find module '@/lib/utils/safe-parse' or its corresponding type declarations.
src/app/api/branches/[id]/merge/route.ts(4,31): error TS2307: Cannot find module '@/lib/utils/safe-parse' or its corresponding type declarations.
src/app/api/branches/[id]/tools/[toolId]/route.ts(4,31): error TS2307: Cannot find module '@/lib/utils/safe-parse' or its corresponding type declarations.
src/app/api/branches/[id]/tools/[toolId]/route.ts(20,23): error TS2339: Property 'handlerType' does not exist on type '{ name: string; id: string; createdAt: Date; updatedAt: Date; version: number; serverId: string; description: string; category: string | null; inputSchema: string; outputSchema: string | null; ... 7 more ...; sortOrder: number; }'.
src/app/api/branches/[id]/tools/route.ts(4,31): error TS2307: Cannot find module '@/lib/utils/safe-parse' or its corresponding type declarations.
src/app/api/branches/[id]/tools/route.ts(42,7): error TS2353: Object literal may only specify known properties, and 'handlerType' does not exist in type 'Without<ToolCreateInput, ToolUncheckedCreateInput> & ToolUncheckedCreateInput'.
src/app/api/branches/[id]/tools/route.ts(59,64): error TS2339: Property 'handlerType' does not exist on type '{ name: string; id: string; createdAt: Date; updatedAt: Date; version: number; serverId: string; description: string; category: string | null; inputSchema: string; outputSchema: string | null; ... 7 more ...; sortOrder: number; }'.
src/app/api/branches/route.ts(34,9): error TS2353: Object literal may only specify known properties, and 'commitMessage' does not exist in type '(Without<BranchCreateInput, BranchUncheckedCreateInput> & BranchUncheckedCreateInput) | (Without<...> & BranchCreateInput)'.
src/app/api/dashboard/route.ts(178,25): error TS2339: Property 'branchName' does not exist on type '{ server: { name: string; }; } & { id: string; status: string; createdAt: Date; version: string; serverId: string; branchId: string; snapshot: string; changelog: string | null; isLive: boolean; deployedAt: Date; }'.
src/app/api/dashboard/route.ts(179,24): error TS2339: Property 'toolCount' does not exist on type '{ server: { name: string; }; } & { id: string; status: string; createdAt: Date; version: string; serverId: string; branchId: string; snapshot: string; changelog: string | null; isLive: boolean; deployedAt: Date; }'.
src/app/api/deployments/[id]/rollback/route.ts(4,31): error TS2307: Cannot find module '@/lib/utils/safe-parse' or its corresponding type declarations.
src/app/api/deployments/[id]/route.ts(3,31): error TS2307: Cannot find module '@/lib/utils/safe-parse' or its corresponding type declarations.
src/app/api/logs/[id]/route.ts(3,31): error TS2307: Cannot find module '@/lib/utils/safe-parse' or its corresponding type declarations.
src/app/api/logs/route.ts(3,31): error TS2307: Cannot find module '@/lib/utils/safe-parse' or its corresponding type declarations.
src/app/api/mcp/[serverId]/[transport]/route.ts(10,31): error TS2307: Cannot find module '@/lib/utils/safe-parse' or its corresponding type declarations.
src/app/api/servers/[id]/config/route.ts(15,37): error TS2353: Object literal may only specify known properties, and 'branch' does not exist in type 'ToolWhereInput'.
src/app/api/servers/[id]/config/route.ts(31,36): error TS2339: Property 'tools' does not exist on type '{ name: string; id: string; status: string; createdAt: Date; updatedAt: Date; version: string; description: string | null; serverUrl: string | null; sseToken: string | null; proxyUrl: string | null; config: string; }'.
src/app/api/servers/[id]/config/route.ts(125,36): error TS2339: Property 'connections' does not exist on type '{ name: string; id: string; status: string; createdAt: Date; updatedAt: Date; version: string; description: string | null; serverUrl: string | null; sseToken: string | null; proxyUrl: string | null; config: string; }'.
src/app/api/servers/[id]/logs/route.ts(3,31): error TS2307: Cannot find module '@/lib/utils/safe-parse' or its corresponding type declarations.
src/app/api/servers/[id]/route.ts(37,26): error TS2353: Object literal may only specify known properties, and 'sortOrder' does not exist in type 'BranchToolOrderByWithRelationInput | BranchToolOrderByWithRelationInput[]'.
src/app/api/servers/[id]/route.ts(46,20): error TS2353: Object literal may only specify known properties, and 'branch' does not exist in type 'ToolWhereInput'.
src/app/api/servers/[id]/tools/[toolId]/route.ts(31,9): error TS2353: Object literal may only specify known properties, and 'branch' does not exist in type 'ToolInclude<DefaultArgs>'.
src/app/api/servers/[id]/tools/route.ts(58,39): error TS2353: Object literal may only specify known properties, and 'versions' does not exist in type 'ToolCountOutputTypeSelect<DefaultArgs>'.
src/app/api/servers/[id]/tools/route.ts(108,9): error TS2353: Object literal may only specify known properties, and 'branchId' does not exist in type 'ToolWhereInput'.
src/lib/tools/default-tools.ts(55,11): error TS2353: Object literal may only specify known properties, and 'branchId' does not exist in type 'Without<ToolCreateInput, ToolUncheckedCreateInput> & ToolUncheckedCreateInput'.
src/lib/tools/job-runner.ts(135,13): error TS2353: Object literal may only specify known properties, and 'branchId' does not exist in type 'Without<ToolCreateInput, ToolUncheckedCreateInput> & ToolUncheckedCreateInput'.
test-prisma.ts(10,55): error TS18046: 'err' is of type 'unknown'.
